<html>
<body>
<pre>
<h1>µVision Build Log</h1>
<h2>Project:</h2>
C:\Users\student\Desktop\Serwo\Serwo.uvproj
Project File Date:  06/10/2025

<h2>Output:</h2>
Build target 'Target 1'
compiling main.c...
compiling timer.c...
compiling servo.c...
linking...
Program Size: Code=2508 RO-data=32 RW-data=8 ZI-data=1272  
FromELF: creating hex file...
".\Objects\Przerwania.axf" - 0 Errors, 0 Warning(s).
Build target 'Target 1'
compiling servo.c...
linking...
Program Size: Code=2508 RO-data=32 RW-data=8 ZI-data=1272  
FromELF: creating hex file...
".\Objects\Przerwania.axf" - 0 Errors, 0 Warning(s).
